Starting a Gradle Daemon, 1 stopped Daemon could not be reused, use --status for details
> Task :app:clean FAILED

FAILURE: Build failed with an exception.

* What went wrong:
Execution failed for task ':app:clean'.
> java.io.IOException: Unable to delete directory 'C:\Proyectos Android\App_control_finanzas\app\build'
    Failed to delete some children. This might happen because a process has files open or has its working directory set in the target directory.
    - C:\Proyectos Android\App_control_finanzas\app\build\intermediates\compile_and_runtime_not_namespaced_r_class_jar\debug\processDebugResources\R.jar
    - C:\Proyectos Android\App_control_finanzas\app\build\intermediates\compile_and_runtime_not_namespaced_r_class_jar\debug\processDebugResources
    - C:\Proyectos Android\App_control_finanzas\app\build\intermediates\compile_and_runtime_not_namespaced_r_class_jar\debug
    - C:\Proyectos Android\App_control_finanzas\app\build\intermediates\compile_and_runtime_not_namespaced_r_class_jar
    - C:\Proyectos Android\App_control_finanzas\app\build\intermediates

* Try:
> Run with --stacktrace option to get the stack trace.
> Run with --info or --debug option to get more log output.
> Run with --scan to get full insights.
> Get more help at https://help.gradle.org.

BUILD FAILED in 14s
1 actionable task: 1 executed
